File "t3.ml", line 1:
Error: Error producing assembly code for t3.ml: Inconsistent use of ~enabled_at_init in [%probe name ..] at t3.ml:3,2--75
