File "f64c1.ml", line 1:
Error: Did not find constant float arguments for caml_float64x2_const1
