File "i32c1.ml", line 1:
Error: Did not find constant int arguments for caml_int32x4_const1
