i=10000 name=Raised at T.break in file "tests/backend/frame-too-long/t.ml", line 5, characters 2-15
