File "i8c1.ml", line 1:
Error: Did not find constant int arguments for caml_int8x16_const1
