**** Vectorize selected computation: 3 groups, 12 scalar instructions, 3 vector instructions, cost = -9 (Test_int32_unboxed_vectorized.copy_array_index_from_start)
**** Vectorize selected computation: 3 groups, 12 scalar instructions, 3 vector instructions, cost = -9 (Test_int32_unboxed_vectorized.copy_array_from_start)
