add_mutable_record { d0 = 88.000000 ; d1 = 110.000000; d2 = 0.000000 ; d3 = -1.000000 }
copy_mutable_record { d0 = 88.000000 ; d1 = 110.000000; d2 = 1.000000 ; d3 = -1.000000 }
