File "i64c1.ml", line 1:
Error: Did not find constant int64 arguments for caml_int64x2_const1
