apply126
apply126L
663
1032896.
unclean local allocs: 0
