add_mutable_record { d0 = 88 ; d1 = 110 }
copy_mutable_record { d0 = 88 ; d1 = 110 }
add_mutable_record_fresh { d0 = 88 ; d1 = 110 }
copy_mutable_record_fresh { d0 = 88 ; d1 = 110 }
add_mutable_record_t4 { d0 = 88 ; d1 = 110; d2 = 88 ; d3 = 110 }
copy_mutable_record_t4 { d0 = 8 ; d1 = 96; d2 = 80 ; d3 = 14 }
dup_mutable_record_t4 { d0 = 8 ; d1 = 96; d2 = 8 ; d3 = 96 }
